Microchip MPLAB XC8 Compiler V1.45 ()

Linker command line:

-W-3 --edf=C:\Program Files (x86)\Microchip\xc8\v1.45\dat\en_msgs.txt -cs \
  -h+dist/default/production\LAB_2.X.production.sym \
  --cmf=dist/default/production\LAB_2.X.production.cmf -z -Q18F26K22 \
  -oC:\Users\daniele\AppData\Local\Temp\s354.2 \
  -Mdist/default/production/LAB_2.X.production.map -E1 -ver=XC8 \
  -ASTACK=0A7h-0f37h -pstack=STACK -ACODE=00h-0FFFFh -ACONST=00h-0FFFFh \
  -ASMALLCONST=01000h-010FFhx240 -AMEDIUMCONST=01000h-0FFFFh \
  -ACOMRAM=01h-05Fh -AABS1=00h-0F37h -ABIGRAM=01h-0F37h \
  -ARAM=060h-0FFh,0100h-01FFhx14,0F00h-0F37h -ABANK0=060h-0FFh \
  -ABANK1=0100h-01FFh -ABANK2=0200h-02FFh -ABANK3=0300h-03FFh \
  -ABANK4=0400h-04FFh -ABANK5=0500h-05FFh -ABANK6=0600h-06FFh \
  -ABANK7=0700h-07FFh -ABANK8=0800h-08FFh -ABANK9=0900h-09FFh \
  -ABANK10=0A00h-0AFFh -ABANK11=0B00h-0BFFh -ABANK12=0C00h-0CFFh \
  -ABANK13=0D00h-0DFFh -ABANK14=0E00h-0EFFh -ABANK15=0F00h-0F37h \
  -ASFR=0F38h-0F5Fh,0F60h-0FFFh \
  -preset_vec=00h,intcode,intcodelo,powerup,init -pramtop=01000h \
  -psmallconst=SMALLCONST -pmediumconst=MEDIUMCONST -pconst=CONST \
  -AFARRAM=00h-00h -ACONFIG=0300000h-030000Dh -pconfig=CONFIG \
  -AIDLOC=0200000h-0200007h -pidloc=IDLOC -AEEDATA=0F00000h-0F003FFh \
  -peeprom_data=EEDATA \
  -prdata=COMRAM,nvrram=COMRAM,nvbit=COMRAM,rbss=COMRAM,rbit=COMRAM \
  -pfarbss=FARRAM,fardata=FARRAM,nvFARRAM=FARRAM \
  -pintsave_regs=BIGRAM,bigbss=BIGRAM,bigdata=BIGRAM -pbss=RAM \
  -pidata=CODE,irdata=CODE,ibigdata=CODE,ifardata=CODE -prparam=COMRAM \
  C:\Users\daniele\AppData\Local\Temp\s354.obj \
  dist/default/production\LAB_2.X.production.obj 

Object code version is 3.11

Machine type is 18F26K22

Call graph: (short form)




                Name                               Link     Load   Length Selector   Space Scale
C:\Users\daniele\AppData\Local\Temp\s354.obj
                init                                  0        0        4        0       0
                idloc                            200000   200000        8   200000       0
                config                           300000   300000        E   300000       0
dist/default/production\LAB_2.X.production.obj
                mediumconst                        FCEA     FCEA      316     7E75       0
                text27                             F146     F146       32     78A3       0
                text26                             F060     F060       10     7830       0
                text25                             F29C     F29C       96     794E       0
                text24                             F332     F332       A0     7999       0
                text23                             F3D2     F3D2       A0     79E9       0
                text22                             F0A6     F0A6       16     7853       0
                text21                             F044     F044        E     7822       0
                text20                             F11A     F11A       2C     788D       0
                text19                             F092     F092       14     7849       0
                text18                             F052     F052        E     7829       0
                text17                             F01E     F01E        4     780F       0
                text16                             F080     F080       12     7840       0
                text15                             F0BC     F0BC       1A     785E       0
                text14                             F0F4     F0F4       26     787A       0
                text13                             F0D6     F0D6       1E     786B       0
                text12                             F514     F514       CE     7A8A       0
                text11                             F246     F246       56     7923       0
                text10                             F5E2     F5E2       F4     7AF1       0
                text9                              F070     F070       10     7838       0
                text8                              F022     F022        6     7811       0
                text7                              F1F4     F1F4       52     78FA       0
                text6                              F1B2     F1B2       42     78D9       0
                text5                              F038     F038        C     781C       0
                text4                              F02E     F02E        A     7817       0
                text3                              F6D6     F6D6      1D8     7B6B       0
                text2                              F472     F472       A2     7A39       0
                text1                              F178     F178       3A     78BC       0
                text0                              F8AE     F8AE      43C     7C57       0
                cstackCOMRAM                          1        1       1C        1       1
                cstackBANK0                          60       60       47       60       1
                cinit                              F028     F028        6     7814       0

TOTAL           Name                               Link     Load   Length     Space
        CLASS   STACK          

        CLASS   CODE           
                init                                  0        0        4         0
                text27                             F146     F146       32         0
                text26                             F060     F060       10         0
                text25                             F29C     F29C       96         0
                text24                             F332     F332       A0         0
                text23                             F3D2     F3D2       A0         0
                text22                             F0A6     F0A6       16         0
                text21                             F044     F044        E         0
                text20                             F11A     F11A       2C         0
                text19                             F092     F092       14         0
                text18                             F052     F052        E         0
                text17                             F01E     F01E        4         0
                text16                             F080     F080       12         0
                text15                             F0BC     F0BC       1A         0
                text14                             F0F4     F0F4       26         0
                text13                             F0D6     F0D6       1E         0
                text12                             F514     F514       CE         0
                text11                             F246     F246       56         0
                text10                             F5E2     F5E2       F4         0
                text9                              F070     F070       10         0
                text8                              F022     F022        6         0
                text7                              F1F4     F1F4       52         0
                text6                              F1B2     F1B2       42         0
                text5                              F038     F038        C         0
                text4                              F02E     F02E        A         0
                text3                              F6D6     F6D6      1D8         0
                text2                              F472     F472       A2         0
                text1                              F178     F178       3A         0
                text0                              F8AE     F8AE      43C         0
                cinit                              F028     F028        6         0

        CLASS   CONST          

        CLASS   SMALLCONST     

        CLASS   MEDIUMCONST    
                mediumconst                        FCEA     FCEA      316         0

        CLASS   COMRAM         
                cstackCOMRAM                          1        1       1C         1

        CLASS   ABS1           

        CLASS   BIGRAM         

        CLASS   RAM            

        CLASS   BANK0          
                cstackBANK0                          60       60       47         1

        CLASS   BANK1          

        CLASS   BANK2          

        CLASS   BANK3          

        CLASS   BANK4          

        CLASS   BANK5          

        CLASS   BANK6          

        CLASS   BANK7          

        CLASS   BANK8          

        CLASS   BANK9          

        CLASS   BANK10         

        CLASS   BANK11         

        CLASS   BANK12         

        CLASS   BANK13         

        CLASS   BANK14         

        CLASS   BANK15         

        CLASS   SFR            

        CLASS   FARRAM         

        CLASS   CONFIG         
                config                           300000   300000        E         0

        CLASS   IDLOC          
                idloc                            200000   200000        8         0

        CLASS   EEDATA         



SEGMENTS        Name                           Load    Length   Top    Selector   Space  Class

                reset_vec                      000000  000004  000004         0       0  CODE    
                cstackCOMRAM                   000001  00001C  00001D         1       1  COMRAM  
                cstackBANK0                    000060  000047  0000A7        60       1  BANK0   
                text17                         00F01E  000004  00F022      780F       0  CODE    
                text8                          00F022  000006  00F028      7811       0  CODE    
                cinit                          00F028  000006  00F02E      7814       0  CODE    
                text4                          00F02E  00000A  00F038      7817       0  CODE    
                text5                          00F038  00000C  00F044      781C       0  CODE    
                text21                         00F044  00000E  00F052      7822       0  CODE    
                text18                         00F052  00000E  00F060      7829       0  CODE    
                text26                         00F060  000010  00F070      7830       0  CODE    
                text9                          00F070  000010  00F080      7838       0  CODE    
                text16                         00F080  000012  00F092      7840       0  CODE    
                text19                         00F092  000014  00F0A6      7849       0  CODE    
                text22                         00F0A6  000016  00F0BC      7853       0  CODE    
                text15                         00F0BC  00001A  00F0D6      785E       0  CODE    
                text13                         00F0D6  00001E  00F0F4      786B       0  CODE    
                text14                         00F0F4  000026  00F11A      787A       0  CODE    
                text20                         00F11A  00002C  00F146      788D       0  CODE    
                text27                         00F146  000032  00F178      78A3       0  CODE    
                text1                          00F178  00003A  00F1B2      78BC       0  CODE    
                text6                          00F1B2  000042  00F1F4      78D9       0  CODE    
                text7                          00F1F4  000052  00F246      78FA       0  CODE    
                text11                         00F246  000056  00F29C      7923       0  CODE    
                text25                         00F29C  000096  00F332      794E       0  CODE    
                text24                         00F332  0000A0  00F3D2      7999       0  CODE    
                text23                         00F3D2  0000A0  00F472      79E9       0  CODE    
                text2                          00F472  0000A2  00F514      7A39       0  CODE    
                text12                         00F514  0000CE  00F5E2      7A8A       0  CODE    
                text10                         00F5E2  0000F4  00F6D6      7AF1       0  CODE    
                text3                          00F6D6  0001D8  00F8AE      7B6B       0  CODE    
                text0                          00F8AE  00043C  00FCEA      7C57       0  CODE    
                mediumconst                    00FCEA  000316  010000      7E75       0  MEDIUMCO
                idloc                          200000  000008  200008    200000       0  IDLOC   
                config                         300000  00000E  30000E    300000       0  CONFIG  


UNUSED ADDRESS RANGES

        Name                Unused          Largest block    Delta
        BANK0            0000A7-0000FF               59
        BANK1            000100-0001FF              100
        BANK10           000A00-000AFF              100
        BANK11           000B00-000BFF              100
        BANK12           000C00-000CFF              100
        BANK13           000D00-000DFF              100
        BANK14           000E00-000EFF              100
        BANK15           000F00-000F37               38
        BANK2            000200-0002FF              100
        BANK3            000300-0003FF              100
        BANK4            000400-0004FF              100
        BANK5            000500-0005FF              100
        BANK6            000600-0006FF              100
        BANK7            000700-0007FF              100
        BANK8            000800-0008FF              100
        BANK9            000900-0009FF              100
        BIGRAM           00001D-00005F               43
                         0000A7-000F37              E91
        CODE             000004-00F01D             F01A
        COMRAM           00001D-00005F               43
        CONST            000004-00F01D             F01A
        EEDATA           F00000-F003FF              400
        MEDIUMCONST      001000-00F01D             E01E
        RAM              0000A7-000F37              100
        SFR              000F38-000FFF               28
        SMALLCONST       001000-00F01D              100
        STACK            0000A7-000F37              E91

                                  Symbol Table

?___lmul                               cstackCOMRAM 000001
?___lwdiv                              cstackCOMRAM 000001
?___lwmod                              cstackCOMRAM 000008
?___wmul                               cstackCOMRAM 000001
?_atoi                                 cstackCOMRAM 000007
?_atol                                 cstackCOMRAM 00000D
?_printf                               cstackCOMRAM 00000D
?_strlen                               cstackCOMRAM 000001
EUSART1_Write@txData                   cstackCOMRAM 000001
PWM4_LoadDutyValue@dutyValue           cstackCOMRAM 000001
RAM_sequential_SPI_read@address        cstackCOMRAM 00000B
RAM_sequential_SPI_read@address_array  cstackCOMRAM 000014
RAM_sequential_SPI_read@data_in        cstackCOMRAM 00000E
RAM_sequential_SPI_read@data_in_size   cstackCOMRAM 000010
RAM_sequential_SPI_read@latch          cstackCOMRAM 000008
RAM_sequential_SPI_read@pin_number     cstackCOMRAM 00000A
RAM_sequential_SPI_write@address       cstackCOMRAM 00000B
RAM_sequential_SPI_write@address_array cstackCOMRAM 000014
RAM_sequential_SPI_write@data_out      cstackCOMRAM 00000E
RAM_sequential_SPI_write@data_out_size cstackCOMRAM 000010
RAM_sequential_SPI_write@latch         cstackCOMRAM 000008
RAM_sequential_SPI_write@pin_number    cstackCOMRAM 00000A
SPI1_Exchange8bit@data                 cstackCOMRAM 000001
SPI1_Exchange8bitBuffer@bufLen         cstackCOMRAM 000004
SPI1_Exchange8bitBuffer@bytesWritten   cstackCOMRAM 000007
SPI1_Exchange8bitBuffer@dataIn         cstackCOMRAM 000002
SPI1_Exchange8bitBuffer@dataOut        cstackCOMRAM 000005
_ANSELA                                (abs)        000F38
_ANSELB                                (abs)        000F39
_ANSELC                                (abs)        000F3A
_BAUD1CON                              (abs)        000FB8
_CCP4CON                               (abs)        000F57
_CCPR4H                                (abs)        000F59
_CCPR4L                                (abs)        000F58
_CCPTMRS1bits                          (abs)        000F48
_EUSART1_Initialize                    text22       00F0A6
_EUSART1_Read                          text9        00F070
_EUSART1_Write                         text5        00F038
_INTCON2bits                           (abs)        000FF1
_LATA                                  (abs)        000F89
_LATB                                  (abs)        000F8A
_LATC                                  (abs)        000F8B
_OSCCON                                (abs)        000FD3
_OSCCON2                               (abs)        000FD2
_OSCILLATOR_Initialize                 text21       00F044
_OSCTUNE                               (abs)        000F9B
_PIN_MANAGER_Initialize                text20       00F11A
_PIR1bits                              (abs)        000F9E
_PR2                                   (abs)        000FBB
_PWM4_Initialize                       text19       00F092
_PWM4_LoadDutyValue                    text27       00F146
_RAM_sequential_SPI_read               text24       00F332
_RAM_sequential_SPI_write              text23       00F3D2
_RC1STA                                (abs)        000FAB
_RC1STAbits                            (abs)        000FAB
_RCREG1                                (abs)        000FAE
_SPBRG1                                (abs)        000FAF
_SPBRGH1                               (abs)        000FB0
_SPI1_Exchange8bit                     text26       00F060
_SPI1_Exchange8bitBuffer               text25       00F29C
_SPI1_Initialize                       text18       00F052
_SSP1ADD                               (abs)        000FC8
_SSP1BUF                               (abs)        000FC9
_SSP1CON1                              (abs)        000FC6
_SSP1CON1bits                          (abs)        000FC6
_SSP1STAT                              (abs)        000FC7
_SSP1STATbits                          (abs)        000FC7
_SYSTEM_Initialize                     text15       00F0BC
_T2CON                                 (abs)        000FBA
_T2CONbits                             (abs)        000FBA
_TMR2                                  (abs)        000FBC
_TMR2_Initialize                       text16       00F080
_TMR2_StartTimer                       text17       00F01E
_TRISA                                 (abs)        000F92
_TRISB                                 (abs)        000F93
_TRISC                                 (abs)        000F94
_TX1STA                                (abs)        000FAC
_TXREG1                                (abs)        000FAD
_WPUB                                  (abs)        000F61
__CFG_BOREN$SBORDIS                    (abs)        000000
__CFG_BORV$190                         (abs)        000000
__CFG_CCP2MX$PORTC1                    (abs)        000000
__CFG_CCP3MX$PORTB5                    (abs)        000000
__CFG_CP0$OFF                          (abs)        000000
__CFG_CP1$OFF                          (abs)        000000
__CFG_CP2$OFF                          (abs)        000000
__CFG_CP3$OFF                          (abs)        000000
__CFG_CPB$OFF                          (abs)        000000
__CFG_CPD$OFF                          (abs)        000000
__CFG_DEBUG$OFF                        (abs)        000000
__CFG_EBTR0$OFF                        (abs)        000000
__CFG_EBTR1$OFF                        (abs)        000000
__CFG_EBTR2$OFF                        (abs)        000000
__CFG_EBTR3$OFF                        (abs)        000000
__CFG_EBTRB$OFF                        (abs)        000000
__CFG_FCMEN$OFF                        (abs)        000000
__CFG_FOSC$INTIO67                     (abs)        000000
__CFG_HFOFST$ON                        (abs)        000000
__CFG_IESO$OFF                         (abs)        000000
__CFG_LVP$OFF                          (abs)        000000
__CFG_MCLRE$EXTMCLR                    (abs)        000000
__CFG_P2BMX$PORTB5                     (abs)        000000
__CFG_PBADEN$ON                        (abs)        000000
__CFG_PLLCFG$ON                        (abs)        000000
__CFG_PRICLKEN$OFF                     (abs)        000000
__CFG_PWRTEN$OFF                       (abs)        000000
__CFG_STVREN$ON                        (abs)        000000
__CFG_T3CMX$PORTC0                     (abs)        000000
__CFG_WDTEN$OFF                        (abs)        000000
__CFG_WDTPS$32768                      (abs)        000000
__CFG_WRT0$OFF                         (abs)        000000
__CFG_WRT1$OFF                         (abs)        000000
__CFG_WRT2$OFF                         (abs)        000000
__CFG_WRT3$OFF                         (abs)        000000
__CFG_WRTB$OFF                         (abs)        000000
__CFG_WRTC$OFF                         (abs)        000000
__CFG_WRTD$OFF                         (abs)        000000
__CFG_XINST$OFF                        (abs)        000000
__HRAM                                 (abs)        000000
__Habs1                                abs1         000000
__Hbank0                               bank0        000000
__Hbank1                               bank1        000000
__Hbank10                              bank10       000000
__Hbank11                              bank11       000000
__Hbank12                              bank12       000000
__Hbank13                              bank13       000000
__Hbank14                              bank14       000000
__Hbank15                              bank15       000000
__Hbank2                               bank2        000000
__Hbank3                               bank3        000000
__Hbank4                               bank4        000000
__Hbank5                               bank5        000000
__Hbank6                               bank6        000000
__Hbank7                               bank7        000000
__Hbank8                               bank8        000000
__Hbank9                               bank9        000000
__Hbigbss                              bigbss       000000
__Hbigdata                             bigdata      000000
__Hbigram                              bigram       000000
__Hbss                                 bss          000000
__Hcinit                               cinit        000000
__Hclrtext                             clrtext      000000
__Hcomram                              comram       000000
__Hconfig                              config       30000E
__Hconst                               const        000000
__HcstackBANK0                         cstackBANK0  000000
__HcstackCOMRAM                        cstackCOMRAM 000000
__Hdata                                data         000000
__Heeprom_data                         eeprom_data  000000
__Hfarbss                              farbss       000000
__Hfardata                             fardata      000000
__Hibigdata                            ibigdata     000000
__Hidata                               idata        000000
__Hidloc                               idloc        200008
__Hifardata                            ifardata     000000
__Hinit                                init         000004
__Hintcode                             intcode      000000
__Hintcode_body                        intcode_body 000000
__Hintcodelo                           intcodelo    000000
__Hintentry                            intentry     000000
__Hintret                              intret       000000
__Hintsave_regs                        intsave_regs 000000
__Hirdata                              irdata       000000
__Hmediumconst                         mediumconst  010000
__HnvFARRAM                            nvFARRAM     000000
__Hnvbit                               nvbit        000000
__Hnvrram                              nvrram       000000
__Hparam                               rparam       000000
__Hpowerup                             powerup      000000
__Hram                                 ram          000000
__Hramtop                              ramtop       001000
__Hrbit                                rbit         000000
__Hrbss                                rbss         000000
__Hrdata                               rdata        000000
__Hreset_vec                           reset_vec    000000
__Hrparam                              rparam       000000
__Hsfr                                 sfr          000000
__Hsmallconst                          smallconst   000000
__Hspace_0                             (abs)        30000E
__Hspace_1                             (abs)        0000A7
__Hspace_2                             (abs)        000000
__Hstack                               stack        000000
__Hstruct                              struct       000000
__Htemp                                temp         000000
__Htext                                text         000000
__Htext0                               text0        000000
__Htext1                               text1        000000
__Htext10                              text10       000000
__Htext11                              text11       000000
__Htext12                              text12       000000
__Htext13                              text13       000000
__Htext14                              text14       000000
__Htext15                              text15       000000
__Htext16                              text16       000000
__Htext17                              text17       000000
__Htext18                              text18       000000
__Htext19                              text19       000000
__Htext2                               text2        000000
__Htext20                              text20       000000
__Htext21                              text21       000000
__Htext22                              text22       000000
__Htext23                              text23       000000
__Htext24                              text24       000000
__Htext25                              text25       000000
__Htext26                              text26       000000
__Htext27                              text27       000000
__Htext3                               text3        000000
__Htext4                               text4        000000
__Htext5                               text5        000000
__Htext6                               text6        000000
__Htext7                               text7        000000
__Htext8                               text8        000000
__Htext9                               text9        000000
__LRAM                                 (abs)        000001
__Labs1                                abs1         000000
__Lbank0                               bank0        000000
__Lbank1                               bank1        000000
__Lbank10                              bank10       000000
__Lbank11                              bank11       000000
__Lbank12                              bank12       000000
__Lbank13                              bank13       000000
__Lbank14                              bank14       000000
__Lbank15                              bank15       000000
__Lbank2                               bank2        000000
__Lbank3                               bank3        000000
__Lbank4                               bank4        000000
__Lbank5                               bank5        000000
__Lbank6                               bank6        000000
__Lbank7                               bank7        000000
__Lbank8                               bank8        000000
__Lbank9                               bank9        000000
__Lbigbss                              bigbss       000000
__Lbigdata                             bigdata      000000
__Lbigram                              bigram       000000
__Lbss                                 bss          000000
__Lcinit                               cinit        000000
__Lclrtext                             clrtext      000000
__Lcomram                              comram       000000
__Lconfig                              config       300000
__Lconst                               const        000000
__LcstackBANK0                         cstackBANK0  000000
__LcstackCOMRAM                        cstackCOMRAM 000000
__Ldata                                data         000000
__Leeprom_data                         eeprom_data  000000
__Lfarbss                              farbss       000000
__Lfardata                             fardata      000000
__Libigdata                            ibigdata     000000
__Lidata                               idata        000000
__Lidloc                               idloc        200000
__Lifardata                            ifardata     000000
__Linit                                init         000000
__Lintcode                             intcode      000000
__Lintcode_body                        intcode_body 000000
__Lintcodelo                           intcodelo    000000
__Lintentry                            intentry     000000
__Lintret                              intret       000000
__Lintsave_regs                        intsave_regs 000000
__Lirdata                              irdata       000000
__Lmediumconst                         mediumconst  00FCEA
__LnvFARRAM                            nvFARRAM     000000
__Lnvbit                               nvbit        000000
__Lnvrram                              nvrram       000000
__Lparam                               rparam       000000
__Lpowerup                             powerup      000000
__Lram                                 ram          000000
__Lramtop                              ramtop       001000
__Lrbit                                rbit         000000
__Lrbss                                rbss         000000
__Lrdata                               rdata        000000
__Lreset_vec                           reset_vec    000000
__Lrparam                              rparam       000000
__Lsfr                                 sfr          000000
__Lsmallconst                          smallconst   000000
__Lspace_0                             (abs)        000000
__Lspace_1                             (abs)        000000
__Lspace_2                             (abs)        000000
__Lstack                               stack        000000
__Lstruct                              struct       000000
__Ltemp                                temp         000000
__Ltext                                text         000000
__Ltext0                               text0        000000
__Ltext1                               text1        000000
__Ltext10                              text10       000000
__Ltext11                              text11       000000
__Ltext12                              text12       000000
__Ltext13                              text13       000000
__Ltext14                              text14       000000
__Ltext15                              text15       000000
__Ltext16                              text16       000000
__Ltext17                              text17       000000
__Ltext18                              text18       000000
__Ltext19                              text19       000000
__Ltext2                               text2        000000
__Ltext20                              text20       000000
__Ltext21                              text21       000000
__Ltext22                              text22       000000
__Ltext23                              text23       000000
__Ltext24                              text24       000000
__Ltext25                              text25       000000
__Ltext26                              text26       000000
__Ltext27                              text27       000000
__Ltext3                               text3        000000
__Ltext4                               text4        000000
__Ltext5                               text5        000000
__Ltext6                               text6        000000
__Ltext7                               text7        000000
__Ltext8                               text8        000000
__Ltext9                               text9        000000
__S0                                   (abs)        30000E
__S1                                   (abs)        0000A7
__S2                                   (abs)        000000
___inthi_sp                            stack        000000
___intlo_sp                            stack        000000
___lmul                                text11       00F246
___lmul@multiplicand                   cstackCOMRAM 000005
___lmul@multiplier                     cstackCOMRAM 000001
___lmul@product                        cstackCOMRAM 000009
___lwdiv                               text7        00F1F4
___lwdiv@counter                       cstackCOMRAM 000007
___lwdiv@dividend                      cstackCOMRAM 000001
___lwdiv@divisor                       cstackCOMRAM 000003
___lwdiv@quotient                      cstackCOMRAM 000005
___lwmod                               text6        00F1B2
___lwmod@counter                       cstackCOMRAM 00000C
___lwmod@dividend                      cstackCOMRAM 000008
___lwmod@divisor                       cstackCOMRAM 00000A
___param_bank                          (abs)        000000
___rparam_used                         (abs)        000001
___sp                                  stack        000000
___wmul                                text14       00F0F4
___wmul@multiplicand                   cstackCOMRAM 000003
___wmul@multiplier                     cstackCOMRAM 000001
___wmul@product                        cstackCOMRAM 000005
__accesstop                            (abs)        000060
__activetblptr                         (abs)        000003
__end_of_EUSART1_Initialize            text22       00F0BC
__end_of_EUSART1_Read                  text9        00F080
__end_of_EUSART1_Write                 text5        00F044
__end_of_OSCILLATOR_Initialize         text21       00F052
__end_of_PIN_MANAGER_Initialize        text20       00F146
__end_of_PWM4_Initialize               text19       00F0A6
__end_of_PWM4_LoadDutyValue            text27       00F178
__end_of_RAM_sequential_SPI_read       text24       00F3D2
__end_of_RAM_sequential_SPI_write      text23       00F472
__end_of_SPI1_Exchange8bit             text26       00F070
__end_of_SPI1_Exchange8bitBuffer       text25       00F332
__end_of_SPI1_Initialize               text18       00F060
__end_of_SYSTEM_Initialize             text15       00F0D6
__end_of_TMR2_Initialize               text16       00F092
__end_of_TMR2_StartTimer               text17       00F022
__end_of___lmul                        text11       00F29C
__end_of___lwdiv                       text7        00F246
__end_of___lwmod                       text6        00F1F4
__end_of___wmul                        text14       00F11A
__end_of__initialization               cinit        00F028
__end_of_atoi                          text12       00F5E2
__end_of_atol                          text10       00F6D6
__end_of_dpowers                       mediumconst  00FCF5
__end_of_getch                         text8        00F028
__end_of_isdigit                       text13       00F0F4
__end_of_main                          text0        00FCEA
__end_of_printf                        text3        00F8AE
__end_of_putch                         text4        00F038
__end_of_read_line                     text2        00F514
__end_of_strlen                        text1        00F1B2
__initialization                       cinit        00F028
__mediumconst                          mediumconst  00FCEA
__pcinit                               cinit        00F028
__pcstackBANK0                         cstackBANK0  000060
__pcstackCOMRAM                        cstackCOMRAM 000001
__pmediumconst                         mediumconst  00FCEA
__ptext0                               text0        00F8AE
__ptext1                               text1        00F178
__ptext10                              text10       00F5E2
__ptext11                              text11       00F246
__ptext12                              text12       00F514
__ptext13                              text13       00F0D6
__ptext14                              text14       00F0F4
__ptext15                              text15       00F0BC
__ptext16                              text16       00F080
__ptext17                              text17       00F01E
__ptext18                              text18       00F052
__ptext19                              text19       00F092
__ptext2                               text2        00F472
__ptext20                              text20       00F11A
__ptext21                              text21       00F044
__ptext22                              text22       00F0A6
__ptext23                              text23       00F3D2
__ptext24                              text24       00F332
__ptext25                              text25       00F29C
__ptext26                              text26       00F060
__ptext27                              text27       00F146
__ptext3                               text3        00F6D6
__ptext4                               text4        00F02E
__ptext5                               text5        00F038
__ptext6                               text6        00F1B2
__ptext7                               text7        00F1F4
__ptext8                               text8        00F022
__ptext9                               text9        00F070
__ramtop                               ramtop       001000
__size_of_EUSART1_Initialize           (abs)        000000
__size_of_EUSART1_Read                 (abs)        000000
__size_of_EUSART1_Write                (abs)        000000
__size_of_OSCILLATOR_Initialize        (abs)        000000
__size_of_PIN_MANAGER_Initialize       (abs)        000000
__size_of_PWM4_Initialize              (abs)        000000
__size_of_PWM4_LoadDutyValue           (abs)        000000
__size_of_RAM_sequential_SPI_read      (abs)        000000
__size_of_RAM_sequential_SPI_write     (abs)        000000
__size_of_SPI1_Exchange8bit            (abs)        000000
__size_of_SPI1_Exchange8bitBuffer      (abs)        000000
__size_of_SPI1_Initialize              (abs)        000000
__size_of_SYSTEM_Initialize            (abs)        000000
__size_of_TMR2_Initialize              (abs)        000000
__size_of_TMR2_StartTimer              (abs)        000000
__size_of___lmul                       (abs)        000000
__size_of___lwdiv                      (abs)        000000
__size_of___lwmod                      (abs)        000000
__size_of___wmul                       (abs)        000000
__size_of_atoi                         (abs)        000000
__size_of_atol                         (abs)        000000
__size_of_getch                        (abs)        000000
__size_of_isdigit                      (abs)        000000
__size_of_main                         (abs)        000000
__size_of_printf                       (abs)        000000
__size_of_putch                        (abs)        000000
__size_of_read_line                    (abs)        000000
__size_of_strlen                       (abs)        000000
__smallconst                           smallconst   000000
_atoi                                  text12       00F514
_atol                                  text10       00F5E2
_dpowers                               mediumconst  00FCEB
_getch                                 text8        00F022
_isdigit                               text13       00F0D6
_isdigit$950                           cstackCOMRAM 000002
_main                                  text0        00F8AE
_printf                                text3        00F6D6
_putch                                 text4        00F02E
_read_line                             text2        00F472
_strlen                                text1        00F178
atoi@a                                 cstackCOMRAM 00000C
atoi@s                                 cstackCOMRAM 000007
atoi@sign                              cstackCOMRAM 00000B
atol@a                                 cstackCOMRAM 000016
atol@c                                 cstackCOMRAM 00001A
atol@s                                 cstackCOMRAM 00000D
atol@sign                              cstackCOMRAM 000015
end_of_initialization                  cinit        00F028
intlevel0                              text         000000
intlevel1                              text         000000
intlevel2                              text         000000
intlevel3                              text         000000
isdigit@c                              cstackCOMRAM 000003
main@buffer                            cstackBANK0  00007E
main@ch                                cstackBANK0  0000A6
main@dtc                               cstackBANK0  00009D
main@i                                 cstackBANK0  0000A1
main@ind                               cstackBANK0  0000A3
main@n                                 cstackBANK0  00009C
main@string                            cstackBANK0  000060
printf@ap                              cstackCOMRAM 000018
printf@c                               cstackCOMRAM 00001C
printf@cp                              cstackCOMRAM 000016
printf@f                               cstackCOMRAM 00000D
printf@flag                            cstackCOMRAM 000014
printf@prec                            cstackCOMRAM 000015
printf@val                             cstackCOMRAM 00001A
putch@txData                           cstackCOMRAM 000002
read_line@c                            cstackCOMRAM 00000A
read_line@i                            cstackCOMRAM 000008
read_line@max_len                      cstackCOMRAM 000005
read_line@s                            cstackCOMRAM 000003
stackhi                                (abs)        000F37
stacklo                                (abs)        0000A7
start                                  init         000000
start_initialization                   cinit        00F028
strlen@cp                              cstackCOMRAM 000005
strlen@s                               cstackCOMRAM 000001


FUNCTION INFORMATION:

 *************** function _main *****************
 Defined at:
		line 12 in file "main.c"
 Parameters:    Size  Location     Type
		None
 Auto vars:     Size  Location     Type
  i               2   65[BANK0 ] int 
  buffer         30   30[BANK0 ] unsigned char [30]
  string         30    0[BANK0 ] unsigned char [30]
  dtc             4   61[BANK0 ] unsigned long 
  ind             3   67[BANK0 ] unsigned um
  ch              1   70[BANK0 ] unsigned char 
  n               1   60[BANK0 ] unsigned char 
 Return value:  Size  Location     Type
                  1    wreg      void 
 Registers used:
		wreg, fsr1l, fsr1h, fsr2l, fsr2h, status,2, status,0, tblptrl, tblptrh, tblptru, prodl, prodh, cstack
 Tracked objects:
		On entry : 
		On exit  : 
		Unchanged: 
 Data sizes:     COMRAM   BANK0   BANK1   BANK2   BANK3   BANK4   BANK5   BANK6   BANK7   BANK8   BANK9  BANK10  BANK11  BANK12  BANK13  BANK14  BANK15
      Params:         0       0       0       0       0       0       0       0       0       0       0       0       0       0       0       0       0
      Locals:         0      71       0       0       0       0       0       0       0       0       0       0       0       0       0       0       0
      Temps:          0       0       0       0       0       0       0       0       0       0       0       0       0       0       0       0       0
      Totals:         0      71       0       0       0       0       0       0       0       0       0       0       0       0       0       0       0
Total ram usage:       71 bytes
 Hardware stack levels required when called:    3
 This function calls:
		_PWM4_LoadDutyValue
		_RAM_sequential_SPI_read
		_RAM_sequential_SPI_write
		_SYSTEM_Initialize
		_atoi
		_atol
		_getch
		_printf
		_read_line
		_strlen
 This function is called by:
		Startup code after reset
 This function uses a non-reentrant model


 *************** function _strlen *****************
 Defined at:
		line 4 in file "C:\Program Files (x86)\Microchip\xc8\v1.45\sources\common\strlen.c"
 Parameters:    Size  Location     Type
  s               2    0[COMRAM] PTR const unsigned char 
		 -> main@string(30), 
 Auto vars:     Size  Location     Type
  cp              2    4[COMRAM] PTR const unsigned char 
		 -> main@string(30), 
 Return value:  Size  Location     Type
                  2    0[COMRAM] unsigned int 
 Registers used:
		wreg, fsr2l, fsr2h, status,2, status,0
 Tracked objects:
		On entry : 
		On exit  : 
		Unchanged: 
 Data sizes:     COMRAM   BANK0   BANK1   BANK2   BANK3   BANK4   BANK5   BANK6   BANK7   BANK8   BANK9  BANK10  BANK11  BANK12  BANK13  BANK14  BANK15
      Params:         2       0       0       0       0       0       0       0       0       0       0       0       0       0       0       0       0
      Locals:         2       0       0       0       0       0       0       0       0       0       0       0       0       0       0       0       0
      Temps:          2       0       0       0       0       0       0       0       0       0       0       0       0       0       0       0       0
      Totals:         6       0       0       0       0       0       0       0       0       0       0       0       0       0       0       0       0
Total ram usage:        6 bytes
 Hardware stack levels used:    1
 This function calls:
		Nothing
 This function is called by:
		_main
 This function uses a non-reentrant model


 *************** function _read_line *****************
 Defined at:
		line 131 in file "main.c"
 Parameters:    Size  Location     Type
  s               2    2[COMRAM] PTR unsigned char 
		 -> main@string(30), 
  max_len         2    4[COMRAM] int 
 Auto vars:     Size  Location     Type
  c               1    9[COMRAM] unsigned char 
  i               2    7[COMRAM] int 
 Return value:  Size  Location     Type
                  1    wreg      void 
 Registers used:
		wreg, fsr2l, fsr2h, status,2, status,0, cstack
 Tracked objects:
		On entry : 
		On exit  : 
		Unchanged: 
 Data sizes:     COMRAM   BANK0   BANK1   BANK2   BANK3   BANK4   BANK5   BANK6   BANK7   BANK8   BANK9  BANK10  BANK11  BANK12  BANK13  BANK14  BANK15
      Params:         4       0       0       0       0       0       0       0       0       0       0       0       0       0       0       0       0
      Locals:         3       0       0       0       0       0       0       0       0       0       0       0       0       0       0       0       0
      Temps:          1       0       0       0       0       0       0       0       0       0       0       0       0       0       0       0       0
      Totals:         8       0       0       0       0       0       0       0       0       0       0       0       0       0       0       0       0
Total ram usage:        8 bytes
 Hardware stack levels used:    1
 Hardware stack levels required when called:    2
 This function calls:
		_EUSART1_Read
		_putch
 This function is called by:
		_main
 This function uses a non-reentrant model


 *************** function _printf *****************
 Defined at:
		line 464 in file "C:\Program Files (x86)\Microchip\xc8\v1.45\sources\common\doprnt.c"
 Parameters:    Size  Location     Type
  f               2   12[COMRAM] PTR const unsigned char 
		 -> STR_25(52), STR_24(58), STR_23(23), STR_22(38), 
		 -> STR_21(55), STR_20(5), STR_19(43), STR_18(5), 
		 -> STR_17(5), STR_16(59), STR_15(61), STR_14(5), 
		 -> STR_13(51), STR_12(62), STR_11(57), STR_10(44), 
		 -> STR_9(48), STR_8(55), STR_7(5), STR_6(9), 
		 -> STR_5(20), STR_4(20), STR_3(20), STR_2(46), 
		 -> STR_1(3), 
 Auto vars:     Size  Location     Type
  tmpval          4    0        struct .
  val             2   25[COMRAM] unsigned int 
  ap              2   23[COMRAM] PTR void [1]
		 -> ?_printf(2), 
  cp              2   21[COMRAM] PTR const unsigned char 
		 -> STR_26(7), main@buffer(30), 
  len             2    0        unsigned int 
  c               1   27[COMRAM] char 
  prec            1   20[COMRAM] char 
  flag            1   19[COMRAM] unsigned char 
 Return value:  Size  Location     Type
                  2   12[COMRAM] int 
 Registers used:
		wreg, fsr1l, fsr1h, fsr2l, fsr2h, status,2, status,0, tblptrl, tblptrh, tblptru, prodl, prodh, cstack
 Tracked objects:
		On entry : 
		On exit  : 
		Unchanged: 
 Data sizes:     COMRAM   BANK0   BANK1   BANK2   BANK3   BANK4   BANK5   BANK6   BANK7   BANK8   BANK9  BANK10  BANK11  BANK12  BANK13  BANK14  BANK15
      Params:         6       0       0       0       0       0       0       0       0       0       0       0       0       0       0       0       0
      Locals:         9       0       0       0       0       0       0       0       0       0       0       0       0       0       0       0       0
      Temps:          1       0       0       0       0       0       0       0       0       0       0       0       0       0       0       0       0
      Totals:        16       0       0       0       0       0       0       0       0       0       0       0       0       0       0       0       0
Total ram usage:       16 bytes
 Hardware stack levels used:    1
 Hardware stack levels required when called:    2
 This function calls:
		___lwdiv
		___lwmod
		_putch
 This function is called by:
		_main
 This function uses a non-reentrant model


 *************** function _putch *****************
 Defined at:
		line 102 in file "mcc_generated_files/eusart1.c"
 Parameters:    Size  Location     Type
  txData          1    wreg     unsigned char 
 Auto vars:     Size  Location     Type
  txData          1    1[COMRAM] unsigned char 
 Return value:  Size  Location     Type
                  1    wreg      void 
 Registers used:
		wreg, status,2, cstack
 Tracked objects:
		On entry : 
		On exit  : 
		Unchanged: 
 Data sizes:     COMRAM   BANK0   BANK1   BANK2   BANK3   BANK4   BANK5   BANK6   BANK7   BANK8   BANK9  BANK10  BANK11  BANK12  BANK13  BANK14  BANK15
      Params:         0       0       0       0       0       0       0       0       0       0       0       0       0       0       0       0       0
      Locals:         1       0       0       0       0       0       0       0       0       0       0       0       0       0       0       0       0
      Temps:          0       0       0       0       0       0       0       0       0       0       0       0       0       0       0       0       0
      Totals:         1       0       0       0       0       0       0       0       0       0       0       0       0       0       0       0       0
Total ram usage:        1 bytes
 Hardware stack levels used:    1
 Hardware stack levels required when called:    1
 This function calls:
		_EUSART1_Write
 This function is called by:
		_read_line
		_printf
 This function uses a non-reentrant model


 *************** function _EUSART1_Write *****************
 Defined at:
		line 91 in file "mcc_generated_files/eusart1.c"
 Parameters:    Size  Location     Type
  txData          1    wreg     unsigned char 
 Auto vars:     Size  Location     Type
  txData          1    0[COMRAM] unsigned char 
 Return value:  Size  Location     Type
                  1    wreg      void 
 Registers used:
		wreg
 Tracked objects:
		On entry : 
		On exit  : 
		Unchanged: 
 Data sizes:     COMRAM   BANK0   BANK1   BANK2   BANK3   BANK4   BANK5   BANK6   BANK7   BANK8   BANK9  BANK10  BANK11  BANK12  BANK13  BANK14  BANK15
      Params:         0       0       0       0       0       0       0       0       0       0       0       0       0       0       0       0       0
      Locals:         1       0       0       0       0       0       0       0       0       0       0       0       0       0       0       0       0
      Temps:          0       0       0       0       0       0       0       0       0       0       0       0       0       0       0       0       0
      Totals:         1       0       0       0       0       0       0       0       0       0       0       0       0       0       0       0       0
Total ram usage:        1 bytes
 Hardware stack levels used:    1
 This function calls:
		Nothing
 This function is called by:
		_putch
 This function uses a non-reentrant model


 *************** function ___lwmod *****************
 Defined at:
		line 8 in file "C:\Program Files (x86)\Microchip\xc8\v1.45\sources\common\lwmod.c"
 Parameters:    Size  Location     Type
  dividend        2    7[COMRAM] unsigned int 
  divisor         2    9[COMRAM] unsigned int 
 Auto vars:     Size  Location     Type
  counter         1   11[COMRAM] unsigned char 
 Return value:  Size  Location     Type
                  2    7[COMRAM] unsigned int 
 Registers used:
		wreg, status,2, status,0
 Tracked objects:
		On entry : 
		On exit  : 
		Unchanged: 
 Data sizes:     COMRAM   BANK0   BANK1   BANK2   BANK3   BANK4   BANK5   BANK6   BANK7   BANK8   BANK9  BANK10  BANK11  BANK12  BANK13  BANK14  BANK15
      Params:         4       0       0       0       0       0       0       0       0       0       0       0       0       0       0       0       0
      Locals:         1       0       0       0       0       0       0       0       0       0       0       0       0       0       0       0       0
      Temps:          0       0       0       0       0       0       0       0       0       0       0       0       0       0       0       0       0
      Totals:         5       0       0       0       0       0       0       0       0       0       0       0       0       0       0       0       0
Total ram usage:        5 bytes
 Hardware stack levels used:    1
 This function calls:
		Nothing
 This function is called by:
		_printf
 This function uses a non-reentrant model


 *************** function ___lwdiv *****************
 Defined at:
		line 8 in file "C:\Program Files (x86)\Microchip\xc8\v1.45\sources\common\lwdiv.c"
 Parameters:    Size  Location     Type
  dividend        2    0[COMRAM] unsigned int 
  divisor         2    2[COMRAM] unsigned int 
 Auto vars:     Size  Location     Type
  quotient        2    4[COMRAM] unsigned int 
  counter         1    6[COMRAM] unsigned char 
 Return value:  Size  Location     Type
                  2    0[COMRAM] unsigned int 
 Registers used:
		wreg, status,2, status,0
 Tracked objects:
		On entry : 
		On exit  : 
		Unchanged: 
 Data sizes:     COMRAM   BANK0   BANK1   BANK2   BANK3   BANK4   BANK5   BANK6   BANK7   BANK8   BANK9  BANK10  BANK11  BANK12  BANK13  BANK14  BANK15
      Params:         4       0       0       0       0       0       0       0       0       0       0       0       0       0       0       0       0
      Locals:         3       0       0       0       0       0       0       0       0       0       0       0       0       0       0       0       0
      Temps:          0       0       0       0       0       0       0       0       0       0       0       0       0       0       0       0       0
      Totals:         7       0       0       0       0       0       0       0       0       0       0       0       0       0       0       0       0
Total ram usage:        7 bytes
 Hardware stack levels used:    1
 This function calls:
		Nothing
 This function is called by:
		_printf
 This function uses a non-reentrant model


 *************** function _getch *****************
 Defined at:
		line 98 in file "mcc_generated_files/eusart1.c"
 Parameters:    Size  Location     Type
		None
 Auto vars:     Size  Location     Type
		None
 Return value:  Size  Location     Type
                  1    wreg      unsigned char 
 Registers used:
		wreg, status,2, cstack
 Tracked objects:
		On entry : 
		On exit  : 
		Unchanged: 
 Data sizes:     COMRAM   BANK0   BANK1   BANK2   BANK3   BANK4   BANK5   BANK6   BANK7   BANK8   BANK9  BANK10  BANK11  BANK12  BANK13  BANK14  BANK15
      Params:         0       0       0       0       0       0       0       0       0       0       0       0       0       0       0       0       0
      Locals:         0       0       0       0       0       0       0       0       0       0       0       0       0       0       0       0       0
      Temps:          0       0       0       0       0       0       0       0       0       0       0       0       0       0       0       0       0
      Totals:         0       0       0       0       0       0       0       0       0       0       0       0       0       0       0       0       0
Total ram usage:        0 bytes
 Hardware stack levels used:    1
 Hardware stack levels required when called:    1
 This function calls:
		_EUSART1_Read
 This function is called by:
		_main
 This function uses a non-reentrant model


 *************** function _EUSART1_Read *****************
 Defined at:
		line 76 in file "mcc_generated_files/eusart1.c"
 Parameters:    Size  Location     Type
		None
 Auto vars:     Size  Location     Type
		None
 Return value:  Size  Location     Type
                  1    wreg      unsigned char 
 Registers used:
		wreg, status,2
 Tracked objects:
		On entry : 
		On exit  : 
		Unchanged: 
 Data sizes:     COMRAM   BANK0   BANK1   BANK2   BANK3   BANK4   BANK5   BANK6   BANK7   BANK8   BANK9  BANK10  BANK11  BANK12  BANK13  BANK14  BANK15
      Params:         0       0       0       0       0       0       0       0       0       0       0       0       0       0       0       0       0
      Locals:         0       0       0       0       0       0       0       0       0       0       0       0       0       0       0       0       0
      Temps:          0       0       0       0       0       0       0       0       0       0       0       0       0       0       0       0       0
      Totals:         0       0       0       0       0       0       0       0       0       0       0       0       0       0       0       0       0
Total ram usage:        0 bytes
 Hardware stack levels used:    1
 This function calls:
		Nothing
 This function is called by:
		_getch
		_read_line
 This function uses a non-reentrant model


 *************** function _atol *****************
 Defined at:
		line 5 in file "C:\Program Files (x86)\Microchip\xc8\v1.45\sources\common\atol.c"
 Parameters:    Size  Location     Type
  s               2   12[COMRAM] PTR const unsigned char 
		 -> main@string(30), 
 Auto vars:     Size  Location     Type
  a               4   21[COMRAM] long 
  c               1   25[COMRAM] unsigned char 
  sign            1   20[COMRAM] unsigned char 
 Return value:  Size  Location     Type
                  4   12[COMRAM] long 
 Registers used:
		wreg, fsr2l, fsr2h, status,2, status,0, cstack
 Tracked objects:
		On entry : 
		On exit  : 
		Unchanged: 
 Data sizes:     COMRAM   BANK0   BANK1   BANK2   BANK3   BANK4   BANK5   BANK6   BANK7   BANK8   BANK9  BANK10  BANK11  BANK12  BANK13  BANK14  BANK15
      Params:         4       0       0       0       0       0       0       0       0       0       0       0       0       0       0       0       0
      Locals:         6       0       0       0       0       0       0       0       0       0       0       0       0       0       0       0       0
      Temps:          4       0       0       0       0       0       0       0       0       0       0       0       0       0       0       0       0
      Totals:        14       0       0       0       0       0       0       0       0       0       0       0       0       0       0       0       0
Total ram usage:       14 bytes
 Hardware stack levels used:    1
 Hardware stack levels required when called:    1
 This function calls:
		___lmul
		_isdigit
 This function is called by:
		_main
 This function uses a non-reentrant model


 *************** function ___lmul *****************
 Defined at:
		line 15 in file "C:\Program Files (x86)\Microchip\xc8\v1.45\sources\common\Umul32.c"
 Parameters:    Size  Location     Type
  multiplier      4    0[COMRAM] unsigned long 
  multiplicand    4    4[COMRAM] unsigned long 
 Auto vars:     Size  Location     Type
  product         4    8[COMRAM] unsigned long 
 Return value:  Size  Location     Type
                  4    0[COMRAM] unsigned long 
 Registers used:
		wreg, status,2, status,0
 Tracked objects:
		On entry : 
		On exit  : 
		Unchanged: 
 Data sizes:     COMRAM   BANK0   BANK1   BANK2   BANK3   BANK4   BANK5   BANK6   BANK7   BANK8   BANK9  BANK10  BANK11  BANK12  BANK13  BANK14  BANK15
      Params:         8       0       0       0       0       0       0       0       0       0       0       0       0       0       0       0       0
      Locals:         4       0       0       0       0       0       0       0       0       0       0       0       0       0       0       0       0
      Temps:          0       0       0       0       0       0       0       0       0       0       0       0       0       0       0       0       0
      Totals:        12       0       0       0       0       0       0       0       0       0       0       0       0       0       0       0       0
Total ram usage:       12 bytes
 Hardware stack levels used:    1
 This function calls:
		Nothing
 This function is called by:
		_atol
 This function uses a non-reentrant model


 *************** function _atoi *****************
 Defined at:
		line 5 in file "C:\Program Files (x86)\Microchip\xc8\v1.45\sources\common\atoi.c"
 Parameters:    Size  Location     Type
  s               2    6[COMRAM] PTR const unsigned char 
		 -> main@string(30), 
 Auto vars:     Size  Location     Type
  a               2   11[COMRAM] int 
  sign            1   10[COMRAM] unsigned char 
 Return value:  Size  Location     Type
                  2    6[COMRAM] int 
 Registers used:
		wreg, fsr2l, fsr2h, status,2, status,0, prodl, prodh, cstack
 Tracked objects:
		On entry : 
		On exit  : 
		Unchanged: 
 Data sizes:     COMRAM   BANK0   BANK1   BANK2   BANK3   BANK4   BANK5   BANK6   BANK7   BANK8   BANK9  BANK10  BANK11  BANK12  BANK13  BANK14  BANK15
      Params:         2       0       0       0       0       0       0       0       0       0       0       0       0       0       0       0       0
      Locals:         3       0       0       0       0       0       0       0       0       0       0       0       0       0       0       0       0
      Temps:          2       0       0       0       0       0       0       0       0       0       0       0       0       0       0       0       0
      Totals:         7       0       0       0       0       0       0       0       0       0       0       0       0       0       0       0       0
Total ram usage:        7 bytes
 Hardware stack levels used:    1
 Hardware stack levels required when called:    1
 This function calls:
		___wmul
		_isdigit
 This function is called by:
		_main
 This function uses a non-reentrant model


 *************** function _isdigit *****************
 Defined at:
		line 8 in file "C:\Program Files (x86)\Microchip\xc8\v1.45\sources\common\isdigit.c"
 Parameters:    Size  Location     Type
  c               1    wreg     unsigned char 
 Auto vars:     Size  Location     Type
  c               1    2[COMRAM] unsigned char 
 Return value:  Size  Location     Type
		None               void
 Registers used:
		wreg, status,2, status,0
 Tracked objects:
		On entry : 
		On exit  : 
		Unchanged: 
 Data sizes:     COMRAM   BANK0   BANK1   BANK2   BANK3   BANK4   BANK5   BANK6   BANK7   BANK8   BANK9  BANK10  BANK11  BANK12  BANK13  BANK14  BANK15
      Params:         0       0       0       0       0       0       0       0       0       0       0       0       0       0       0       0       0
      Locals:         2       0       0       0       0       0       0       0       0       0       0       0       0       0       0       0       0
      Temps:          1       0       0       0       0       0       0       0       0       0       0       0       0       0       0       0       0
      Totals:         3       0       0       0       0       0       0       0       0       0       0       0       0       0       0       0       0
Total ram usage:        3 bytes
 Hardware stack levels used:    1
 This function calls:
		Nothing
 This function is called by:
		_atoi
		_atol
 This function uses a non-reentrant model


 *************** function ___wmul *****************
 Defined at:
		line 15 in file "C:\Program Files (x86)\Microchip\xc8\v1.45\sources\common\Umul16.c"
 Parameters:    Size  Location     Type
  multiplier      2    0[COMRAM] unsigned int 
  multiplicand    2    2[COMRAM] unsigned int 
 Auto vars:     Size  Location     Type
  product         2    4[COMRAM] unsigned int 
 Return value:  Size  Location     Type
                  2    0[COMRAM] unsigned int 
 Registers used:
		wreg, status,2, status,0, prodl, prodh
 Tracked objects:
		On entry : 
		On exit  : 
		Unchanged: 
 Data sizes:     COMRAM   BANK0   BANK1   BANK2   BANK3   BANK4   BANK5   BANK6   BANK7   BANK8   BANK9  BANK10  BANK11  BANK12  BANK13  BANK14  BANK15
      Params:         4       0       0       0       0       0       0       0       0       0       0       0       0       0       0       0       0
      Locals:         2       0       0       0       0       0       0       0       0       0       0       0       0       0       0       0       0
      Temps:          0       0       0       0       0       0       0       0       0       0       0       0       0       0       0       0       0
      Totals:         6       0       0       0       0       0       0       0       0       0       0       0       0       0       0       0       0
Total ram usage:        6 bytes
 Hardware stack levels used:    1
 This function calls:
		Nothing
 This function is called by:
		_atoi
 This function uses a non-reentrant model


 *************** function _SYSTEM_Initialize *****************
 Defined at:
		line 112 in file "mcc_generated_files/mcc.c"
 Parameters:    Size  Location     Type
		None
 Auto vars:     Size  Location     Type
		None
 Return value:  Size  Location     Type
                  1    wreg      void 
 Registers used:
		wreg, status,2, cstack
 Tracked objects:
		On entry : 
		On exit  : 
		Unchanged: 
 Data sizes:     COMRAM   BANK0   BANK1   BANK2   BANK3   BANK4   BANK5   BANK6   BANK7   BANK8   BANK9  BANK10  BANK11  BANK12  BANK13  BANK14  BANK15
      Params:         0       0       0       0       0       0       0       0       0       0       0       0       0       0       0       0       0
      Locals:         0       0       0       0       0       0       0       0       0       0       0       0       0       0       0       0       0
      Temps:          0       0       0       0       0       0       0       0       0       0       0       0       0       0       0       0       0
      Totals:         0       0       0       0       0       0       0       0       0       0       0       0       0       0       0       0       0
Total ram usage:        0 bytes
 Hardware stack levels used:    1
 Hardware stack levels required when called:    2
 This function calls:
		_EUSART1_Initialize
		_OSCILLATOR_Initialize
		_PIN_MANAGER_Initialize
		_PWM4_Initialize
		_SPI1_Initialize
		_TMR2_Initialize
 This function is called by:
		_main
 This function uses a non-reentrant model


 *************** function _TMR2_Initialize *****************
 Defined at:
		line 58 in file "mcc_generated_files/tmr2.c"
 Parameters:    Size  Location     Type
		None
 Auto vars:     Size  Location     Type
		None
 Return value:  Size  Location     Type
                  1    wreg      void 
 Registers used:
		wreg, status,2, cstack
 Tracked objects:
		On entry : 
		On exit  : 
		Unchanged: 
 Data sizes:     COMRAM   BANK0   BANK1   BANK2   BANK3   BANK4   BANK5   BANK6   BANK7   BANK8   BANK9  BANK10  BANK11  BANK12  BANK13  BANK14  BANK15
      Params:         0       0       0       0       0       0       0       0       0       0       0       0       0       0       0       0       0
      Locals:         0       0       0       0       0       0       0       0       0       0       0       0       0       0       0       0       0
      Temps:          0       0       0       0       0       0       0       0       0       0       0       0       0       0       0       0       0
      Totals:         0       0       0       0       0       0       0       0       0       0       0       0       0       0       0       0       0
Total ram usage:        0 bytes
 Hardware stack levels used:    1
 Hardware stack levels required when called:    1
 This function calls:
		_TMR2_StartTimer
 This function is called by:
		_SYSTEM_Initialize
 This function uses a non-reentrant model


 *************** function _TMR2_StartTimer *****************
 Defined at:
		line 77 in file "mcc_generated_files/tmr2.c"
 Parameters:    Size  Location     Type
		None
 Auto vars:     Size  Location     Type
		None
 Return value:  Size  Location     Type
                  1    wreg      void 
 Registers used:
		None
 Tracked objects:
		On entry : 
		On exit  : 
		Unchanged: 
 Data sizes:     COMRAM   BANK0   BANK1   BANK2   BANK3   BANK4   BANK5   BANK6   BANK7   BANK8   BANK9  BANK10  BANK11  BANK12  BANK13  BANK14  BANK15
      Params:         0       0       0       0       0       0       0       0       0       0       0       0       0       0       0       0       0
      Locals:         0       0       0       0       0       0       0       0       0       0       0       0       0       0       0       0       0
      Temps:          0       0       0       0       0       0       0       0       0       0       0       0       0       0       0       0       0
      Totals:         0       0       0       0       0       0       0       0       0       0       0       0       0       0       0       0       0
Total ram usage:        0 bytes
 Hardware stack levels used:    1
 This function calls:
		Nothing
 This function is called by:
		_TMR2_Initialize
 This function uses a non-reentrant model


 *************** function _SPI1_Initialize *****************
 Defined at:
		line 64 in file "mcc_generated_files/spi1.c"
 Parameters:    Size  Location     Type
		None
 Auto vars:     Size  Location     Type
		None
 Return value:  Size  Location     Type
                  1    wreg      void 
 Registers used:
		wreg, status,2
 Tracked objects:
		On entry : 
		On exit  : 
		Unchanged: 
 Data sizes:     COMRAM   BANK0   BANK1   BANK2   BANK3   BANK4   BANK5   BANK6   BANK7   BANK8   BANK9  BANK10  BANK11  BANK12  BANK13  BANK14  BANK15
      Params:         0       0       0       0       0       0       0       0       0       0       0       0       0       0       0       0       0
      Locals:         0       0       0       0       0       0       0       0       0       0       0       0       0       0       0       0       0
      Temps:          0       0       0       0       0       0       0       0       0       0       0       0       0       0       0       0       0
      Totals:         0       0       0       0       0       0       0       0       0       0       0       0       0       0       0       0       0
Total ram usage:        0 bytes
 Hardware stack levels used:    1
 This function calls:
		Nothing
 This function is called by:
		_SYSTEM_Initialize
 This function uses a non-reentrant model


 *************** function _PWM4_Initialize *****************
 Defined at:
		line 64 in file "mcc_generated_files/pwm4.c"
 Parameters:    Size  Location     Type
		None
 Auto vars:     Size  Location     Type
		None
 Return value:  Size  Location     Type
                  1    wreg      void 
 Registers used:
		wreg, status,2
 Tracked objects:
		On entry : 
		On exit  : 
		Unchanged: 
 Data sizes:     COMRAM   BANK0   BANK1   BANK2   BANK3   BANK4   BANK5   BANK6   BANK7   BANK8   BANK9  BANK10  BANK11  BANK12  BANK13  BANK14  BANK15
      Params:         0       0       0       0       0       0       0       0       0       0       0       0       0       0       0       0       0
      Locals:         0       0       0       0       0       0       0       0       0       0       0       0       0       0       0       0       0
      Temps:          0       0       0       0       0       0       0       0       0       0       0       0       0       0       0       0       0
      Totals:         0       0       0       0       0       0       0       0       0       0       0       0       0       0       0       0       0
Total ram usage:        0 bytes
 Hardware stack levels used:    1
 This function calls:
		Nothing
 This function is called by:
		_SYSTEM_Initialize
 This function uses a non-reentrant model


 *************** function _PIN_MANAGER_Initialize *****************
 Defined at:
		line 50 in file "mcc_generated_files/pin_manager.c"
 Parameters:    Size  Location     Type
		None
 Auto vars:     Size  Location     Type
		None
 Return value:  Size  Location     Type
                  1    wreg      void 
 Registers used:
		wreg, status,2
 Tracked objects:
		On entry : 
		On exit  : 
		Unchanged: 
 Data sizes:     COMRAM   BANK0   BANK1   BANK2   BANK3   BANK4   BANK5   BANK6   BANK7   BANK8   BANK9  BANK10  BANK11  BANK12  BANK13  BANK14  BANK15
      Params:         0       0       0       0       0       0       0       0       0       0       0       0       0       0       0       0       0
      Locals:         0       0       0       0       0       0       0       0       0       0       0       0       0       0       0       0       0
      Temps:          0       0       0       0       0       0       0       0       0       0       0       0       0       0       0       0       0
      Totals:         0       0       0       0       0       0       0       0       0       0       0       0       0       0       0       0       0
Total ram usage:        0 bytes
 Hardware stack levels used:    1
 This function calls:
		Nothing
 This function is called by:
		_SYSTEM_Initialize
 This function uses a non-reentrant model


 *************** function _OSCILLATOR_Initialize *****************
 Defined at:
		line 121 in file "mcc_generated_files/mcc.c"
 Parameters:    Size  Location     Type
		None
 Auto vars:     Size  Location     Type
		None
 Return value:  Size  Location     Type
                  1    wreg      void 
 Registers used:
		wreg, status,2
 Tracked objects:
		On entry : 
		On exit  : 
		Unchanged: 
 Data sizes:     COMRAM   BANK0   BANK1   BANK2   BANK3   BANK4   BANK5   BANK6   BANK7   BANK8   BANK9  BANK10  BANK11  BANK12  BANK13  BANK14  BANK15
      Params:         0       0       0       0       0       0       0       0       0       0       0       0       0       0       0       0       0
      Locals:         0       0       0       0       0       0       0       0       0       0       0       0       0       0       0       0       0
      Temps:          0       0       0       0       0       0       0       0       0       0       0       0       0       0       0       0       0
      Totals:         0       0       0       0       0       0       0       0       0       0       0       0       0       0       0       0       0
Total ram usage:        0 bytes
 Hardware stack levels used:    1
 This function calls:
		Nothing
 This function is called by:
		_SYSTEM_Initialize
 This function uses a non-reentrant model


 *************** function _EUSART1_Initialize *****************
 Defined at:
		line 56 in file "mcc_generated_files/eusart1.c"
 Parameters:    Size  Location     Type
		None
 Auto vars:     Size  Location     Type
		None
 Return value:  Size  Location     Type
                  1    wreg      void 
 Registers used:
		wreg, status,2
 Tracked objects:
		On entry : 
		On exit  : 
		Unchanged: 
 Data sizes:     COMRAM   BANK0   BANK1   BANK2   BANK3   BANK4   BANK5   BANK6   BANK7   BANK8   BANK9  BANK10  BANK11  BANK12  BANK13  BANK14  BANK15
      Params:         0       0       0       0       0       0       0       0       0       0       0       0       0       0       0       0       0
      Locals:         0       0       0       0       0       0       0       0       0       0       0       0       0       0       0       0       0
      Temps:          0       0       0       0       0       0       0       0       0       0       0       0       0       0       0       0       0
      Totals:         0       0       0       0       0       0       0       0       0       0       0       0       0       0       0       0       0
Total ram usage:        0 bytes
 Hardware stack levels used:    1
 This function calls:
		Nothing
 This function is called by:
		_SYSTEM_Initialize
 This function uses a non-reentrant model


 *************** function _RAM_sequential_SPI_write *****************
 Defined at:
		line 107 in file "main.c"
 Parameters:    Size  Location     Type
  latch           2    7[COMRAM] PTR volatile unsigned ch
		 -> LATC(1), 
  pin_number      1    9[COMRAM] unsigned char 
  address         3   10[COMRAM] unsigned um
  data_out        2   13[COMRAM] PTR unsigned char 
		 -> main@string(30), 
  data_out_siz    1   15[COMRAM] unsigned char 
 Auto vars:     Size  Location     Type
  address_arra    3   19[COMRAM] unsigned char [3]
 Return value:  Size  Location     Type
                  1    wreg      void 
 Registers used:
		wreg, fsr1l, fsr1h, fsr2l, fsr2h, status,2, status,0, prodl, prodh, cstack
 Tracked objects:
		On entry : 
		On exit  : 
		Unchanged: 
 Data sizes:     COMRAM   BANK0   BANK1   BANK2   BANK3   BANK4   BANK5   BANK6   BANK7   BANK8   BANK9  BANK10  BANK11  BANK12  BANK13  BANK14  BANK15
      Params:         9       0       0       0       0       0       0       0       0       0       0       0       0       0       0       0       0
      Locals:         3       0       0       0       0       0       0       0       0       0       0       0       0       0       0       0       0
      Temps:          3       0       0       0       0       0       0       0       0       0       0       0       0       0       0       0       0
      Totals:        15       0       0       0       0       0       0       0       0       0       0       0       0       0       0       0       0
Total ram usage:       15 bytes
 Hardware stack levels used:    1
 Hardware stack levels required when called:    2
 This function calls:
		_SPI1_Exchange8bit
		_SPI1_Exchange8bitBuffer
 This function is called by:
		_main
 This function uses a non-reentrant model


 *************** function _RAM_sequential_SPI_read *****************
 Defined at:
		line 119 in file "main.c"
 Parameters:    Size  Location     Type
  latch           2    7[COMRAM] PTR volatile unsigned ch
		 -> LATC(1), 
  pin_number      1    9[COMRAM] unsigned char 
  address         3   10[COMRAM] unsigned um
  data_in         2   13[COMRAM] PTR unsigned char 
		 -> main@buffer(30), 
  data_in_size    1   15[COMRAM] unsigned char 
 Auto vars:     Size  Location     Type
  address_arra    3   19[COMRAM] unsigned char [3]
 Return value:  Size  Location     Type
                  1    wreg      void 
 Registers used:
		wreg, fsr1l, fsr1h, fsr2l, fsr2h, status,2, status,0, prodl, prodh, cstack
 Tracked objects:
		On entry : 
		On exit  : 
		Unchanged: 
 Data sizes:     COMRAM   BANK0   BANK1   BANK2   BANK3   BANK4   BANK5   BANK6   BANK7   BANK8   BANK9  BANK10  BANK11  BANK12  BANK13  BANK14  BANK15
      Params:         9       0       0       0       0       0       0       0       0       0       0       0       0       0       0       0       0
      Locals:         3       0       0       0       0       0       0       0       0       0       0       0       0       0       0       0       0
      Temps:          3       0       0       0       0       0       0       0       0       0       0       0       0       0       0       0       0
      Totals:        15       0       0       0       0       0       0       0       0       0       0       0       0       0       0       0       0
Total ram usage:       15 bytes
 Hardware stack levels used:    1
 Hardware stack levels required when called:    2
 This function calls:
		_SPI1_Exchange8bit
		_SPI1_Exchange8bitBuffer
 This function is called by:
		_main
 This function uses a non-reentrant model


 *************** function _SPI1_Exchange8bitBuffer *****************
 Defined at:
		line 89 in file "mcc_generated_files/spi1.c"
 Parameters:    Size  Location     Type
  dataIn          2    1[COMRAM] PTR unsigned char 
		 -> RAM_sequential_SPI_read@address_array(3), RAM_sequential_SPI_write@address_array(3), main@string(30), NULL(0), 
  bufLen          1    3[COMRAM] unsigned char 
  dataOut         2    4[COMRAM] PTR unsigned char 
		 -> main@buffer(30), NULL(0), 
 Auto vars:     Size  Location     Type
  bytesWritten    1    6[COMRAM] unsigned char 
 Return value:  Size  Location     Type
                  1    wreg      unsigned char 
 Registers used:
		wreg, fsr1l, fsr1h, fsr2l, fsr2h, status,2, status,0, prodl, prodh, cstack
 Tracked objects:
		On entry : 
		On exit  : 
		Unchanged: 
 Data sizes:     COMRAM   BANK0   BANK1   BANK2   BANK3   BANK4   BANK5   BANK6   BANK7   BANK8   BANK9  BANK10  BANK11  BANK12  BANK13  BANK14  BANK15
      Params:         5       0       0       0       0       0       0       0       0       0       0       0       0       0       0       0       0
      Locals:         1       0       0       0       0       0       0       0       0       0       0       0       0       0       0       0       0
      Temps:          0       0       0       0       0       0       0       0       0       0       0       0       0       0       0       0       0
      Totals:         6       0       0       0       0       0       0       0       0       0       0       0       0       0       0       0       0
Total ram usage:        6 bytes
 Hardware stack levels used:    1
 Hardware stack levels required when called:    1
 This function calls:
		_SPI1_Exchange8bit
 This function is called by:
		_RAM_sequential_SPI_write
		_RAM_sequential_SPI_read
 This function uses a non-reentrant model


 *************** function _SPI1_Exchange8bit *****************
 Defined at:
		line 77 in file "mcc_generated_files/spi1.c"
 Parameters:    Size  Location     Type
  data            1    wreg     unsigned char 
 Auto vars:     Size  Location     Type
  data            1    0[COMRAM] unsigned char 
 Return value:  Size  Location     Type
                  1    wreg      unsigned char 
 Registers used:
		wreg, status,2
 Tracked objects:
		On entry : 
		On exit  : 
		Unchanged: 
 Data sizes:     COMRAM   BANK0   BANK1   BANK2   BANK3   BANK4   BANK5   BANK6   BANK7   BANK8   BANK9  BANK10  BANK11  BANK12  BANK13  BANK14  BANK15
      Params:         0       0       0       0       0       0       0       0       0       0       0       0       0       0       0       0       0
      Locals:         1       0       0       0       0       0       0       0       0       0       0       0       0       0       0       0       0
      Temps:          0       0       0       0       0       0       0       0       0       0       0       0       0       0       0       0       0
      Totals:         1       0       0       0       0       0       0       0       0       0       0       0       0       0       0       0       0
Total ram usage:        1 bytes
 Hardware stack levels used:    1
 This function calls:
		Nothing
 This function is called by:
		_SPI1_Exchange8bitBuffer
		_RAM_sequential_SPI_write
		_RAM_sequential_SPI_read
		_RAM_set_SPI_mode
 This function uses a non-reentrant model


 *************** function _PWM4_LoadDutyValue *****************
 Defined at:
		line 81 in file "mcc_generated_files/pwm4.c"
 Parameters:    Size  Location     Type
  dutyValue       2    0[COMRAM] unsigned int 
 Auto vars:     Size  Location     Type
		None
 Return value:  Size  Location     Type
                  1    wreg      void 
 Registers used:
		wreg, status,2, status,0
 Tracked objects:
		On entry : 
		On exit  : 
		Unchanged: 
 Data sizes:     COMRAM   BANK0   BANK1   BANK2   BANK3   BANK4   BANK5   BANK6   BANK7   BANK8   BANK9  BANK10  BANK11  BANK12  BANK13  BANK14  BANK15
      Params:         2       0       0       0       0       0       0       0       0       0       0       0       0       0       0       0       0
      Locals:         0       0       0       0       0       0       0       0       0       0       0       0       0       0       0       0       0
      Temps:          2       0       0       0       0       0       0       0       0       0       0       0       0       0       0       0       0
      Totals:         4       0       0       0       0       0       0       0       0       0       0       0       0       0       0       0       0
Total ram usage:        4 bytes
 Hardware stack levels used:    1
 This function calls:
		Nothing
 This function is called by:
		_main
 This function uses a non-reentrant model



MODULE INFORMATION

Module		Function		Class		Link	Load	Size
C:\Program Files (x86)\Microchip\xc8\v1.45\sources\common\doprnt.c
		_printf        		CODE           	F6D6	0000	473

C:\Program Files (x86)\Microchip\xc8\v1.45\sources\common\doprnt.c estimated size: 473

mcc_generated_files/pwm4.c
		_PWM4_Initialize		CODE           	F092	0000	21
		_PWM4_LoadDutyValue		CODE           	F146	0000	51

mcc_generated_files/pwm4.c estimated size: 72

mcc_generated_files/tmr2.c
		_TMR2_Initialize		CODE           	F080	0000	19
		_TMR2_StartTimer		CODE           	F01E	0000	5

mcc_generated_files/tmr2.c estimated size: 24

C:\Program Files (x86)\Microchip\xc8\v1.45\sources\common\Umul16.c
		___wmul        		CODE           	F0F4	0000	39

C:\Program Files (x86)\Microchip\xc8\v1.45\sources\common\Umul16.c estimated size: 39

mcc_generated_files/pin_manager.c
		_PIN_MANAGER_Initialize		CODE           	F11A	0000	45

mcc_generated_files/pin_manager.c estimated size: 45

C:\Program Files (x86)\Microchip\xc8\v1.45\sources\common\isdigit.c
		_isdigit       		CODE           	F0D6	0000	31

C:\Program Files (x86)\Microchip\xc8\v1.45\sources\common\isdigit.c estimated size: 31

mcc_generated_files/spi1.c
		_SPI1_Initialize		CODE           	F052	0000	15
		_SPI1_Exchange8bitBuffer		CODE           	F29C	0000	151
		_SPI1_Exchange8bit		CODE           	F060	0000	17

mcc_generated_files/spi1.c estimated size: 183

C:\Program Files (x86)\Microchip\xc8\v1.45\sources\common\lwmod.c
		___lwmod       		CODE           	F1B2	0000	67

C:\Program Files (x86)\Microchip\xc8\v1.45\sources\common\lwmod.c estimated size: 67

C:\Program Files (x86)\Microchip\xc8\v1.45\sources\common\Umul32.c
		___lmul        		CODE           	F246	0000	87

C:\Program Files (x86)\Microchip\xc8\v1.45\sources\common\Umul32.c estimated size: 87

C:\Program Files (x86)\Microchip\xc8\v1.45\sources\common\atoi.c
		_atoi          		CODE           	F514	0000	207

C:\Program Files (x86)\Microchip\xc8\v1.45\sources\common\atoi.c estimated size: 207

shared
		_dpowers       		MEDIUMCONST    	FCEB	0000	11
		__initialization		CODE           	F028	0000	1

shared estimated size: 12

mcc_generated_files/eusart1.c
		_EUSART1_Initialize		CODE           	F0A6	0000	23
		_putch         		CODE           	F02E	0000	11
		_EUSART1_Read  		CODE           	F070	0000	17
		_EUSART1_Write 		CODE           	F038	0000	13
		_getch         		CODE           	F022	0000	7

mcc_generated_files/eusart1.c estimated size: 71

mcc_generated_files/mcc.c
		_OSCILLATOR_Initialize		CODE           	F044	0000	15
		_SYSTEM_Initialize		CODE           	F0BC	0000	27

mcc_generated_files/mcc.c estimated size: 42

C:\Program Files (x86)\Microchip\xc8\v1.45\sources\common\lwdiv.c
		___lwdiv       		CODE           	F1F4	0000	83

C:\Program Files (x86)\Microchip\xc8\v1.45\sources\common\lwdiv.c estimated size: 83

main.c
		_main          		CODE           	F8AE	0000	1085
		_RAM_sequential_SPI_write		CODE           	F3D2	0000	161
		_RAM_sequential_SPI_read		CODE           	F332	0000	161
		_read_line     		CODE           	F472	0000	163

main.c estimated size: 1570

C:\Program Files (x86)\Microchip\xc8\v1.45\sources\common\strlen.c
		_strlen        		CODE           	F178	0000	59

C:\Program Files (x86)\Microchip\xc8\v1.45\sources\common\strlen.c estimated size: 59

C:\Program Files (x86)\Microchip\xc8\v1.45\sources\common\atol.c
		_atol          		CODE           	F5E2	0000	245

C:\Program Files (x86)\Microchip\xc8\v1.45\sources\common\atol.c estimated size: 245

